============================================================
  Generated by:           Genus(TM) Synthesis Solution 21.14-s082_1
  Generated on:           Sep 30 2025  03:09:56 pm
  Module:                 multiplier
  Operating conditions:   slow (balanced_tree)
  Wireload mode:          enclosed
  Area mode:              timing library
============================================================


Path 1: MET (1 ps) Setup Check with Pin y_reg[24]/CK->D
          Group: clk
     Startpoint: (F) a[13]
          Clock: (R) clk
       Endpoint: (F) y_reg[24]/D
          Clock: (R) clk

                     Capture       Launch     
        Clock Edge:+    5000            0     
        Drv Adjust:+       0            0     
       Src Latency:+       0            0     
       Net Latency:+       0 (I)        0 (I) 
           Arrival:=    5000            0     
                                              
             Setup:-     495                  
       Uncertainty:-      50                  
     Required Time:=    4455                  
      Launch Clock:-       0                  
       Input Delay:-    1000                  
         Data Path:-    3454                  
             Slack:=       1                  

Exceptions/Constraints:
  input_delay             1000            constraint.sdc_line_5_3_1 

#----------------------------------------------------------------------------------------------------------
#          Timing Point            Flags    Arc   Edge   Cell     Fanout Load Trans Delay Arrival Instance 
#                                                                        (fF)  (ps)  (ps)   (ps)  Location 
#----------------------------------------------------------------------------------------------------------
  a[13]                            -       -      F     (arrival)     10 39.5   100     0    1000    (-,-) 
  mul_16_21_g7108/Y                -       A->Y   R     INVX1          7 28.7   384   245    1245    (-,-) 
  mul_16_21_g6945__5107/Y          -       A->Y   F     MXI2X1         2  6.3   165   154    1399    (-,-) 
  mul_16_21_g6794__9315/Y          -       B->Y   R     NAND2X1        1  8.2   172   146    1545    (-,-) 
  mul_16_21_g6679__1705/Y          -       B->Y   F     NAND2X2        1 11.3    96    81    1626    (-,-) 
  mul_16_21_cdnfadd_015_0__1617/CO -       A->CO  F     ADDFHX2        1 25.0   139   472    2098    (-,-) 
  mul_16_21_cdnfadd_016_3__7482/CO -       B->CO  F     ADDFHX2        1  4.2    74   311    2408    (-,-) 
  mul_16_21_cdnfadd_017_5__7410/CO -       CI->CO F     ADDFHX1        1  4.2    99   254    2663    (-,-) 
  mul_16_21_cdnfadd_018_5__5526/S  -       CI->S  R     ADDFHX1        1  4.2   111   350    3013    (-,-) 
  mul_16_21_cdnfadd_018_6__6783/S  -       CI->S  F     ADDFHX1        2 12.0   146   377    3390    (-,-) 
  mul_16_21_g6429__1617/Y          -       A->Y   R     NOR2X2         4 12.4   185   138    3528    (-,-) 
  mul_16_21_g6409__6161/Y          -       AN->Y  R     NAND2BX1       1  8.2   177   188    3716    (-,-) 
  mul_16_21_g6395__2802/Y          -       A->Y   F     NAND3X2        2  7.5   108    83    3799    (-,-) 
  mul_16_21_g6383__5477/Y          -       A->Y   R     NAND2X1        2 11.0   203   136    3935    (-,-) 
  mul_16_21_g6377__9945/Y          -       A0N->Y R     AOI2BB1X4      8 36.3   226   237    4172    (-,-) 
  mul_16_21_g6375__6161/Y          -       B0->Y  F     OAI2BB1X1      2  5.7   110    87    4260    (-,-) 
  mul_16_21_g6363__3680/Y          -       A1N->Y F     OAI2BB2XL      1  2.6   110   194    4454    (-,-) 
  y_reg[24]/D                      <<<     -      F     SDFFRHQXL      1    -     -     0    4454    (-,-) 
#----------------------------------------------------------------------------------------------------------

